// Jest Snapshot v1, https://goo.gl/fbAQLP

exports[`SearchForm SearchForm component should match the snapshot 1`] = `
<div
  className="SearchForm"
>
  <form
    className="search-form"
  >
    <div
      className="input"
    >
      <WithStyles(ForwardRef(Typography))
        gutterBottom={true}
        id="range-slider"
      >
        Distance In Lightyears
      </WithStyles(ForwardRef(Typography))>
      <WithStyles(ForwardRef(Slider))
        aria-labelledby="range-slider"
        id="distance"
        max={100}
        min={0}
        name="distance"
        onChange={[Function]}
        track="inverted"
        valueLabelDisplay="auto"
      />
    </div>
    <div
      className="input"
    >
      <WithStyles(ForwardRef(Typography))
        gutterBottom={true}
        id="range-slider"
      >
        Comparative Gravity
      </WithStyles(ForwardRef(Typography))>
      <WithStyles(ForwardRef(Slider))
        aria-labelledby="range-slider"
        id="gravity"
        max={100}
        min={0.0001}
        name="gravity"
        onChange={[Function]}
        track="inverted"
        valueLabelDisplay="auto"
      />
    </div>
    <div
      className="input"
    >
      <WithStyles(ForwardRef(Typography))
        gutterBottom={true}
        id="range-slider"
      >
        Length of Year In Days
      </WithStyles(ForwardRef(Typography))>
      <WithStyles(ForwardRef(Slider))
        aria-labelledby="range-slider"
        id="year"
        max={2000}
        min={1}
        name="year"
        onChange={[Function]}
        track="inverted"
        valueLabelDisplay="auto"
      />
    </div>
    <button
      className="search-button"
      onClick={[Function]}
      type="button"
    >
      <SearchIcon
        className="search-icon"
      />
    </button>
  </form>
</div>
`;
